AR alu_convert behavioral C:/Users/JM/Xilinx/Projekty/FFT/SOURCES/ALU_convert.vhd sub00/vhpl01 1491052535
EN cordic_sqrt NULL C:/Users/JM/Xilinx/Projekty/FFT/SOURCES/CORDIC_IP_sqrt/CORDIC_sqrt.vhd sub00/vhpl02 1491052532
AR cordic_sqrt cordic_sqrt_a C:/Users/JM/Xilinx/Projekty/FFT/SOURCES/CORDIC_IP_sqrt/CORDIC_sqrt.vhd sub00/vhpl03 1491052533
EN alu_convert NULL C:/Users/JM/Xilinx/Projekty/FFT/SOURCES/ALU_convert.vhd sub00/vhpl00 1491052534
