V3 7
FL C:/Users/JM/Xilinx/Projekty/FFT/SOURCES/ALU_convert.vhd 2017/04/01.15:15:29 P.20131013
EN work/ALU_convert 1491052534 \
      FL C:/Users/JM/Xilinx/Projekty/FFT/SOURCES/ALU_convert.vhd \
      PB ieee/std_logic_1164 1381692176 PB ieee/NUMERIC_STD 1381692181
AR work/ALU_convert/Behavioral 1491052535 \
      FL C:/Users/JM/Xilinx/Projekty/FFT/SOURCES/ALU_convert.vhd \
      EN work/ALU_convert 1491052534 CP CORDIC_sqrt
FL C:/Users/JM/Xilinx/Projekty/FFT/SOURCES/CORDIC_IP_sqrt/CORDIC_sqrt.vhd 2017/04/01.03:32:29 P.20131013
EN work/CORDIC_sqrt 1491052532 \
      FL C:/Users/JM/Xilinx/Projekty/FFT/SOURCES/CORDIC_IP_sqrt/CORDIC_sqrt.vhd \
      PB ieee/std_logic_1164 1381692176
AR work/CORDIC_sqrt/CORDIC_sqrt_a 1491052533 \
      FL C:/Users/JM/Xilinx/Projekty/FFT/SOURCES/CORDIC_IP_sqrt/CORDIC_sqrt.vhd \
      EN work/CORDIC_sqrt 1491052532
